MO adder NULL laser_surgery_sys.v vlg54/adder.bin 1551151898
MO flopr NULL laser_surgery_sys.v vlg3B/flopr.bin 1551151898
MO fulladder_st NULL laser_surgery_sys.v vlg61/fulladder__st.bin 1551151898
MO laser_surgery_sys NULL laser_surgery_sys.v vlg31/laser__surgery__sys.bin 1551151898
MO timer_st NULL laser_surgery_sys.v vlg5F/timer__st.bin 1551151898
MO addergen_st NULL laser_surgery_sys.v vlg0C/addergen__st.bin 1551151898
MO comparatorgen_st NULL laser_surgery_sys.v vlg64/comparatorgen__st.bin 1551151898
