MO adder NULL partc.v vlg54/adder.bin 1552094394
MO flopr NULL partc.v vlg3B/flopr.bin 1552094394
MO fulladder_st NULL partc.v vlg61/fulladder__st.bin 1552094394
MO laser_surgery_sys NULL partc.v vlg31/laser__surgery__sys.bin 1552094394
MO timer_st NULL partc.v vlg5F/timer__st.bin 1552094394
MO addergen_st NULL partc.v vlg0C/addergen__st.bin 1552094394
MO comparatorgen_st NULL partc.v vlg64/comparatorgen__st.bin 1552094394
